Archive member included to satisfy reference by file (symbol)

c:/mounriver/mounriver_studio/toolchain/risc-v embedded gcc/bin/../lib/gcc/riscv-none-embed/8.2.0/rv32imacxw/ilp32\libgcc.a(muldf3.o)
                              ./Core/Src/ModbusRTU_Master.o (__muldf3)
c:/mounriver/mounriver_studio/toolchain/risc-v embedded gcc/bin/../lib/gcc/riscv-none-embed/8.2.0/rv32imacxw/ilp32\libgcc.a(floatsidf.o)
                              ./Core/Src/ModbusRTU_Master.o (__floatsidf)
c:/mounriver/mounriver_studio/toolchain/risc-v embedded gcc/bin/../lib/gcc/riscv-none-embed/8.2.0/rv32imacxw/ilp32\libgcc.a(floatunsidf.o)
                              ./Core/Src/ModbusRTU_Master.o (__floatunsidf)
c:/mounriver/mounriver_studio/toolchain/risc-v embedded gcc/bin/../lib/gcc/riscv-none-embed/8.2.0/rv32imacxw/ilp32\libgcc.a(floatunsisf.o)
                              ./Core/Src/ModbusRTU_Master.o (__floatunsisf)
c:/mounriver/mounriver_studio/toolchain/risc-v embedded gcc/bin/../lib/gcc/riscv-none-embed/8.2.0/rv32imacxw/ilp32\libgcc.a(truncdfsf2.o)
                              ./Core/Src/ModbusRTU_Master.o (__truncdfsf2)
c:/mounriver/mounriver_studio/toolchain/risc-v embedded gcc/bin/../lib/gcc/riscv-none-embed/8.2.0/rv32imacxw/ilp32\libgcc.a(_clzsi2.o)
                              c:/mounriver/mounriver_studio/toolchain/risc-v embedded gcc/bin/../lib/gcc/riscv-none-embed/8.2.0/rv32imacxw/ilp32\libgcc.a(muldf3.o) (__clzsi2)
c:/mounriver/mounriver_studio/toolchain/risc-v embedded gcc/bin/../lib/gcc/riscv-none-embed/8.2.0/rv32imacxw/ilp32\libgcc.a(_clz.o)
                              c:/mounriver/mounriver_studio/toolchain/risc-v embedded gcc/bin/../lib/gcc/riscv-none-embed/8.2.0/rv32imacxw/ilp32\libgcc.a(_clzsi2.o) (__clz_tab)

Discarded input sections

 .text          0x0000000000000000        0x0 ./Drivers/src/ch32v20x_adc.o
 .data          0x0000000000000000        0x0 ./Drivers/src/ch32v20x_adc.o
 .bss           0x0000000000000000        0x0 ./Drivers/src/ch32v20x_adc.o
 .text.ADC_DeInit
                0x0000000000000000       0x70 ./Drivers/src/ch32v20x_adc.o
 .text.ADC_Init
                0x0000000000000000      0x100 ./Drivers/src/ch32v20x_adc.o
 .text.ADC_StructInit
                0x0000000000000000       0x42 ./Drivers/src/ch32v20x_adc.o
 .text.ADC_Cmd  0x0000000000000000       0x3e ./Drivers/src/ch32v20x_adc.o
 .text.ADC_DMACmd
                0x0000000000000000       0x3e ./Drivers/src/ch32v20x_adc.o
 .text.ADC_ITConfig
                0x0000000000000000       0x58 ./Drivers/src/ch32v20x_adc.o
 .text.ADC_ResetCalibration
                0x0000000000000000       0x22 ./Drivers/src/ch32v20x_adc.o
 .text.ADC_GetResetCalibrationStatus
                0x0000000000000000       0x30 ./Drivers/src/ch32v20x_adc.o
 .text.ADC_StartCalibration
                0x0000000000000000       0x22 ./Drivers/src/ch32v20x_adc.o
 .text.ADC_GetCalibrationStatus
                0x0000000000000000       0x30 ./Drivers/src/ch32v20x_adc.o
 .text.ADC_SoftwareStartConvCmd
                0x0000000000000000       0x44 ./Drivers/src/ch32v20x_adc.o
 .text.ADC_GetSoftwareStartConvStatus
                0x0000000000000000       0x34 ./Drivers/src/ch32v20x_adc.o
 .text.ADC_DiscModeChannelCountConfig
                0x0000000000000000       0x5c ./Drivers/src/ch32v20x_adc.o
 .text.ADC_DiscModeCmd
                0x0000000000000000       0x46 ./Drivers/src/ch32v20x_adc.o
 .text.ADC_RegularChannelConfig
                0x0000000000000000      0x248 ./Drivers/src/ch32v20x_adc.o
 .text.ADC_ExternalTrigConvCmd
                0x0000000000000000       0x44 ./Drivers/src/ch32v20x_adc.o
 .text.ADC_GetConversionValue
                0x0000000000000000       0x1c ./Drivers/src/ch32v20x_adc.o
 .text.ADC_GetDualModeConversionValue
                0x0000000000000000       0x18 ./Drivers/src/ch32v20x_adc.o
 .text.ADC_AutoInjectedConvCmd
                0x0000000000000000       0x3e ./Drivers/src/ch32v20x_adc.o
 .text.ADC_InjectedDiscModeCmd
                0x0000000000000000       0x40 ./Drivers/src/ch32v20x_adc.o
 .text.ADC_ExternalTrigInjectedConvConfig
                0x0000000000000000       0x4a ./Drivers/src/ch32v20x_adc.o
 .text.ADC_ExternalTrigInjectedConvCmd
                0x0000000000000000       0x40 ./Drivers/src/ch32v20x_adc.o
 .text.ADC_SoftwareStartInjectedConvCmd
                0x0000000000000000       0x44 ./Drivers/src/ch32v20x_adc.o
 .text.ADC_GetSoftwareStartInjectedConvCmdStatus
                0x0000000000000000       0x34 ./Drivers/src/ch32v20x_adc.o
 .text.ADC_InjectedChannelConfig
                0x0000000000000000      0x19c ./Drivers/src/ch32v20x_adc.o
 .text.ADC_InjectedSequencerLengthConfig
                0x0000000000000000       0x5e ./Drivers/src/ch32v20x_adc.o
 .text.ADC_SetInjectedOffset
                0x0000000000000000       0x46 ./Drivers/src/ch32v20x_adc.o
 .text.ADC_GetInjectedConversionValue
                0x0000000000000000       0x40 ./Drivers/src/ch32v20x_adc.o
 .text.ADC_AnalogWatchdogCmd
[...]
Memory Configuration

Name             Origin             Length             Attributes
FLASH            0x0000000000000000 0x0000000000010000 xr
RAM              0x0000000020000000 0x0000000000005000 xrw
*default*        0x0000000000000000 0xffffffffffffffff

Linker script and memory map

LOAD ./Drivers/src/ch32v20x_adc.o
LOAD ./Drivers/src/ch32v20x_bkp.o
LOAD ./Drivers/src/ch32v20x_can.o
LOAD ./Drivers/src/ch32v20x_crc.o
LOAD ./Drivers/src/ch32v20x_dbgmcu.o
LOAD ./Drivers/src/ch32v20x_dma.o
LOAD ./Drivers/src/ch32v20x_exti.o
LOAD ./Drivers/src/ch32v20x_flash.o
LOAD ./Drivers/src/ch32v20x_gpio.o
LOAD ./Drivers/src/ch32v20x_i2c.o
LOAD ./Drivers/src/ch32v20x_iwdg.o
LOAD ./Drivers/src/ch32v20x_misc.o
LOAD ./Drivers/src/ch32v20x_opa.o
LOAD ./Drivers/src/ch32v20x_pwr.o
LOAD ./Drivers/src/ch32v20x_rcc.o
LOAD ./Drivers/src/ch32v20x_rtc.o
LOAD ./Drivers/src/ch32v20x_spi.o
LOAD ./Drivers/src/ch32v20x_tim.o
LOAD ./Drivers/src/ch32v20x_usart.o
LOAD ./Drivers/src/ch32v20x_wwdg.o
LOAD ./Drivers/src/core_riscv.o
LOAD ./Core/Startup/startup_ch32v20x_D6.o
LOAD ./Core/Src/ESP8266_lib.o
LOAD ./Core/Src/MQTT.o
LOAD ./Core/Src/ModbusRTU.o
LOAD ./Core/Src/ModbusRTU_Master.o
LOAD ./Core/Src/SoftwareTimer.o
LOAD ./Core/Src/ch32v203xx_it.o
LOAD ./Core/Src/ch32v20x_RVMSIS.o
LOAD ./Core/Src/main.o
LOAD ./Core/Src/syscalls.o
LOAD c:/mounriver/mounriver_studio/toolchain/risc-v embedded gcc/bin/../lib/gcc/riscv-none-embed/8.2.0/rv32imacxw/ilp32\libgcc.a
LOAD c:/mounriver/mounriver_studio/toolchain/risc-v embedded gcc/bin/../lib/gcc/riscv-none-embed/8.2.0/../../../../riscv-none-embed/lib/rv32imacxw/ilp32\libg_nano.a
LOAD c:/mounriver/mounriver_studio/toolchain/risc-v embedded gcc/bin/../lib/gcc/riscv-none-embed/8.2.0/../../../../riscv-none-embed/lib/rv32imacxw/ilp32\libc_nano.a
LOAD c:/mounriver/mounriver_studio/toolchain/risc-v embedded gcc/bin/../lib/gcc/riscv-none-embed/8.2.0/rv32imacxw/ilp32\libgcc.a
START GROUP
LOAD c:/mounriver/mounriver_studio/toolchain/risc-v embedded gcc/bin/../lib/gcc/riscv-none-embed/8.2.0/rv32imacxw/ilp32\libgcc.a
LOAD c:/mounriver/mounriver_studio/toolchain/risc-v embedded gcc/bin/../lib/gcc/riscv-none-embed/8.2.0/../../../../riscv-none-embed/lib/rv32imacxw/ilp32\libc_nano.a
LOAD c:/mounriver/mounriver_studio/toolchain/risc-v embedded gcc/bin/../lib/gcc/riscv-none-embed/8.2.0/../../../../riscv-none-embed/lib/rv32imacxw/ilp32\libnosys.a
END GROUP
START GROUP
LOAD c:/mounriver/mounriver_studio/toolchain/risc-v embedded gcc/bin/../lib/gcc/riscv-none-embed/8.2.0/rv32imacxw/ilp32\libgcc.a
LOAD c:/mounriver/mounriver_studio/toolchain/risc-v embedded gcc/bin/../lib/gcc/riscv-none-embed/8.2.0/../../../../riscv-none-embed/lib/rv32imacxw/ilp32\libc_nano.a
LOAD c:/mounriver/mounriver_studio/toolchain/risc-v embedded gcc/bin/../lib/gcc/riscv-none-embed/8.2.0/../../../../riscv-none-embed/lib/rv32imacxw/ilp32\libnosys.a
END GROUP
                0x0000000000000800                __stack_size = 0x800
                [!provide]                        PROVIDE (_stack_size = __stack_size)

.init           0x0000000000000000       0x38
                0x0000000000000000                _sinit = .
                0x0000000000000000                . = ALIGN (0x4)
 *(SORT_NONE(.init))
 .init          0x0000000000000000       0x38 ./Core/Startup/startup_ch32v20x_D6.o
                0x0000000000000000                _start
                0x0000000000000038                . = ALIGN (0x4)
                0x0000000000000038                _einit = .

.vector         0x0000000000000038      0x108
 *(.vector)
 .vector        0x0000000000000038       0xfc ./Core/Startup/startup_ch32v20x_D6.o
                0x0000000000000140                . = ALIGN (0x40)
 *fill*         0x0000000000000134        0xc 

.text           0x0000000000000140     0x30f0
                0x0000000000000140                . = ALIGN (0x4)
 *(.text)
 *(.text.*)
 .text.vector_handler
                0x0000000000000140       0x6c ./Core/Startup/startup_ch32v20x_D6.o
                0x0000000000000140                NMI_Handler
                0x0000000000000142                HardFault_Handler
                0x0000000000000144                Ecall_M_Mode_Handler
                0x0000000000000146                Ecall_U_Mode_Handler
                0x0000000000000148                Break_Point_Handler
                0x000000000000014c                SW_Handler
                0x000000000000014e                WWDG_IRQHandler
                0x0000000000000150                PVD_IRQHandler
                0x0000000000000152                TAMPER_IRQHandler
                0x0000000000000154                RTC_IRQHandler
                0x0000000000000156                FLASH_IRQHandler
                0x0000000000000158                RCC_IRQHandler
                0x000000000000015a                EXTI0_IRQHandler
                0x000000000000015c                EXTI1_IRQHandler
                0x000000000000015e                EXTI2_IRQHandler
                0x0000000000000160                EXTI3_IRQHandler
                0x0000000000000162                EXTI4_IRQHandler
                0x0000000000000164                DMA1_Channel1_IRQHandler
                0x0000000000000166                DMA1_Channel2_IRQHandler
                0x0000000000000168                DMA1_Channel3_IRQHandler
                0x000000000000016a                DMA1_Channel4_IRQHandler
                0x000000000000016c                DMA1_Channel5_IRQHandler
                0x000000000000016e                DMA1_Channel6_IRQHandler
                0x0000000000000170                DMA1_Channel7_IRQHandler
                0x0000000000000172                ADC1_2_IRQHandler
                0x0000000000000174                USB_HP_CAN1_TX_IRQHandler
                0x0000000000000176                USB_LP_CAN1_RX0_IRQHandler
                0x0000000000000178                CAN1_RX1_IRQHandler
                0x000000000000017a                CAN1_SCE_IRQHandler
                0x000000000000017c                EXTI9_5_IRQHandler
                0x000000000000017e                TIM1_BRK_IRQHandler
                0x0000000000000182                TIM1_TRG_COM_IRQHandler
                0x0000000000000184                TIM1_CC_IRQHandler
                0x0000000000000186                TIM2_IRQHandler
                0x000000000000018a                TIM4_IRQHandler
                0x000000000000018c                I2C1_EV_IRQHandler
                0x000000000000018e                I2C1_ER_IRQHandler
                0x0000000000000190                I2C2_EV_IRQHandler
                0x0000000000000192                I2C2_ER_IRQHandler
                0x0000000000000194                SPI1_IRQHandler
                0x0000000000000196                SPI2_IRQHandler
                0x000000000000019e                EXTI15_10_IRQHandler
                0x00000000000001a0                RTCAlarm_IRQHandler
                0x00000000000001a2                USBWakeUp_IRQHandler
                0x00000000000001a4                USBHD_IRQHandler
                0x00000000000001a6                USBHDWakeUp_IRQHandler
                0x00000000000001a8                UART4_IRQHandler
                0x00000000000001aa                DMA1_Channel8_IRQHandler
 .text.handle_reset
                0x00000000000001ac       0x82 ./Core/Startup/startup_ch32v20x_D6.o
                0x00000000000001ac                handle_reset
 .text.ESP8266_Reset
                0x000000000000022e       0x48 ./Core/Src/ESP8266_lib.o
                0x000000000000022e                ESP8266_Reset
 .text.ESP8266_Indication_run
                0x0000000000000276       0x8a ./Core/Src/ESP8266_lib.o
                0x0000000000000276                ESP8266_Indication_run
 .text.ESP8266_Indication_Timer
                0x0000000000000300       0x42 ./Core/Src/ESP8266_lib.o
                0x0000000000000300                ESP8266_Indication_Timer
 .text.UART_MQTT_Check_net
                0x0000000000000342      0x1fe ./Core/Src/MQTT.o
                0x0000000000000342                UART_MQTT_Check_net
 .text.UART_MQTT_Checksumm_validation
                0x0000000000000540       0xe0 ./Core/Src/MQTT.o
                0x0000000000000540                UART_MQTT_Checksumm_validation
 .text.UART_MQTT_Send_data_int16_t
                0x0000000000000620      0x148 ./Core/Src/MQTT.o
                0x0000000000000620                UART_MQTT_Send_data_int16_t
 .text.UART_MQTT_Send_data_float
                0x0000000000000768      0x148 ./Core/Src/MQTT.o
                0x0000000000000768                UART_MQTT_Send_data_float
 .text.ModbusRTU_CRC16_Calculate
                0x00000000000008b0      0x1aa ./Core/Src/ModbusRTU.o
                0x00000000000008b0                ModbusRTU_CRC16_Calculate
 .text.ModbusRTU_Read_Holding_Registers_0x03
                0x0000000000000a5a       0xe4 ./Core/Src/ModbusRTU.o
                0x0000000000000a5a                ModbusRTU_Read_Holding_Registers_0x03
 .text.ModbusRTU_GetData_U32
                0x0000000000000b3e      0x176 ./Core/Src/ModbusRTU.o
                0x0000000000000b3e                ModbusRTU_GetData_U32
 .text.ModbusRTU_GetData_U16
                0x0000000000000cb4       0x9a ./Core/Src/ModbusRTU.o
                0x0000000000000cb4                ModbusRTU_GetData_U16
 .text.ModbusRTU_request_queue
                0x0000000000000d4e       0x54 ./Core/Src/ModbusRTU_Master.o
                0x0000000000000d4e                ModbusRTU_request_queue
 .text.ModbusRTU_response_handler
                0x0000000000000da2      0x236 ./Core/Src/ModbusRTU_Master.o
                0x0000000000000da2                ModbusRTU_response_handler
 .text.ModbusRTU_Master_pool
                0x0000000000000fd8       0x8c ./Core/Src/ModbusRTU_Master.o
                0x0000000000000fd8                ModbusRTU_Master_pool
 .text.ModbusRTU_Master_pool_run
                0x0000000000001064       0xd0 ./Core/Src/ModbusRTU_Master.o
                0x0000000000001064                ModbusRTU_Master_pool_run
 .text.Software_timer
                0x0000000000001134       0x20 ./Core/Src/SoftwareTimer.o
                0x0000000000001134                Software_timer
 .text.Software_timer_check
                0x0000000000001154       0x30 ./Core/Src/SoftwareTimer.o
                0x0000000000001154                Software_timer_check
 .text.SysTick_Handler
                0x0000000000001184       0xac ./Core/Src/ch32v203xx_it.o
                0x0000000000001184                SysTick_Handler
 .text.USART1_IRQHandler
                0x0000000000001230      0x10e ./Core/Src/ch32v203xx_it.o
                0x0000000000001230                USART1_IRQHandler
 .text.USART2_IRQHandler
                0x000000000000133e       0xb6 ./Core/Src/ch32v203xx_it.o
                0x000000000000133e                USART2_IRQHandler
 .text.USART3_IRQHandler
                0x00000000000013f4       0xbc ./Core/Src/ch32v203xx_it.o
                0x00000000000013f4                USART3_IRQHandler
 .text.TIM3_IRQHandler
                0x00000000000014b0       0x72 ./Core/Src/ch32v203xx_it.o
                0x00000000000014b0                TIM3_IRQHandler
 .text.TIM1_UP_IRQHandler
                0x0000000000001522       0x4a ./Core/Src/ch32v203xx_it.o
                0x0000000000001522                TIM1_UP_IRQHandler
 .text.RVMSIS_Debug_init
                0x000000000000156c       0x70 ./Core/Src/ch32v20x_RVMSIS.o
                0x000000000000156c                RVMSIS_Debug_init
 .text.RVMSIS_RCC_SystemClock_144MHz
                0x00000000000015dc      0x17c ./Core/Src/ch32v20x_RVMSIS.o
                0x00000000000015dc                RVMSIS_RCC_SystemClock_144MHz
 .text.RVMSIS_SysTick_Timer_init
                0x0000000000001758       0xd0 ./Core/Src/ch32v20x_RVMSIS.o
                0x0000000000001758                RVMSIS_SysTick_Timer_init
 .text.Delay_ms
                0x0000000000001828       0x22 ./Core/Src/ch32v20x_RVMSIS.o
                0x0000000000001828                Delay_ms
 .text.RVMSIS_GPIO_MODE_Set
                0x000000000000184a       0xae ./Core/Src/ch32v20x_RVMSIS.o
 .text.RVMSIS_GPIO_SPEED_Set
                0x00000000000018f8       0xb8 ./Core/Src/ch32v20x_RVMSIS.o
 .text.RVMSIS_GPIO_CNF_Set
                0x00000000000019b0       0x96 ./Core/Src/ch32v20x_RVMSIS.o
 .text.RVMSIS_GPIO_Reg_Set
                0x0000000000001a46      0x178 ./Core/Src/ch32v20x_RVMSIS.o
 .text.RVMSIS_GPIO_init
                0x0000000000001bbe      0x15a ./Core/Src/ch32v20x_RVMSIS.o
                0x0000000000001bbe                RVMSIS_GPIO_init
 .text.RVMSIS_TIM3_init
                0x0000000000001d18      0x19e ./Core/Src/ch32v20x_RVMSIS.o
                0x0000000000001d18                RVMSIS_TIM3_init
 .text.RVMSIS_USART1_Init
                0x0000000000001eb6      0x35c ./Core/Src/ch32v20x_RVMSIS.o
                0x0000000000001eb6                RVMSIS_USART1_Init
 .text.RVMSIS_USART2_Init
                0x0000000000002212      0x366 ./Core/Src/ch32v20x_RVMSIS.o
                0x0000000000002212                RVMSIS_USART2_Init
 .text.RVMSIS_USART_Transmit
                0x0000000000002578       0xa0 ./Core/Src/ch32v20x_RVMSIS.o
                0x0000000000002578                RVMSIS_USART_Transmit
 .text.ModbusRTU_Transmit
                0x0000000000002618       0xd6 ./Core/Src/ch32v20x_RVMSIS.o
                0x0000000000002618                ModbusRTU_Transmit
 .text.Task1_MQTT_Send
                0x00000000000026ee       0xe8 ./Core/Src/main.o
                0x00000000000026ee                Task1_MQTT_Send
 .text.MQTT_Reveieve
                0x00000000000027d6        0xe ./Core/Src/main.o
                0x00000000000027d6                MQTT_Reveieve
 .text.main     0x00000000000027e4       0x9a ./Core/Src/main.o
                0x00000000000027e4                main
 .text.__muldf3
                0x000000000000287e      0x4b0 c:/mounriver/mounriver_studio/toolchain/risc-v embedded gcc/bin/../lib/gcc/riscv-none-embed/8.2.0/rv32imacxw/ilp32\libgcc.a(muldf3.o)
                0x000000000000287e                __muldf3
 .text.__floatsidf
                0x0000000000002d2e       0x70 c:/mounriver/mounriver_studio/toolchain/risc-v embedded gcc/bin/../lib/gcc/riscv-none-embed/8.2.0/rv32imacxw/ilp32\libgcc.a(floatsidf.o)
                0x0000000000002d2e                __floatsidf
 .text.__floatunsidf
                0x0000000000002d9e       0x66 c:/mounriver/mounriver_studio/toolchain/risc-v embedded gcc/bin/../lib/gcc/riscv-none-embed/8.2.0/rv32imacxw/ilp32\libgcc.a(floatunsidf.o)
                0x0000000000002d9e                __floatunsidf
 .text.__floatunsisf
                0x0000000000002e04       0xce c:/mounriver/mounriver_studio/toolchain/risc-v embedded gcc/bin/../lib/gcc/riscv-none-embed/8.2.0/rv32imacxw/ilp32\libgcc.a(floatunsisf.o)
                0x0000000000002e04                __floatunsisf
 .text.__truncdfsf2
                0x0000000000002ed2      0x16a c:/mounriver/mounriver_studio/toolchain/risc-v embedded gcc/bin/../lib/gcc/riscv-none-embed/8.2.0/rv32imacxw/ilp32\libgcc.a(truncdfsf2.o)
                0x0000000000002ed2                __truncdfsf2
 .text.__clzsi2
                0x000000000000303c       0x6e c:/mounriver/mounriver_studio/toolchain/risc-v embedded gcc/bin/../lib/gcc/riscv-none-embed/8.2.0/rv32imacxw/ilp32\libgcc.a(_clzsi2.o)
                0x000000000000303c                __clzsi2
 *(.rodata)
 *fill*         0x00000000000030aa        0x6 
 .rodata        0x00000000000030b0        0x8 ./Core/Src/ModbusRTU_Master.o
 *(.rodata*)
 .rodata.ModbusRTU_request_queue
                0x00000000000030b8       0x1c ./Core/Src/ModbusRTU_Master.o
 .rodata.ModbusRTU_response_handler
                0x00000000000030d4       0x1c ./Core/Src/ModbusRTU_Master.o
 .rodata.__muldf3
                0x00000000000030f0       0x40 c:/mounriver/mounriver_studio/toolchain/risc-v embedded gcc/bin/../lib/gcc/riscv-none-embed/8.2.0/rv32imacxw/ilp32\libgcc.a(muldf3.o)
 .rodata.__clz_tab
                0x0000000000003130      0x100 c:/mounriver/mounriver_studio/toolchain/risc-v embedded gcc/bin/../lib/gcc/riscv-none-embed/8.2.0/rv32imacxw/ilp32\libgcc.a(_clz.o)
                0x0000000000003130                __clz_tab
 *(.gnu.linkonce.t.*)
                0x0000000000003230                . = ALIGN (0x4)

.rela.dyn       0x0000000000003230        0x0
 .rela.init     0x0000000000003230        0x0 ./Core/Startup/startup_ch32v20x_D6.o
 .rela.vector   0x0000000000003230        0x0 ./Core/Startup/startup_ch32v20x_D6.o
 .rela.text.handle_reset
                0x0000000000003230        0x0 ./Core/Startup/startup_ch32v20x_D6.o

.fini           0x0000000000003230        0x0
 *(SORT_NONE(.fini))
                0x0000000000003230                . = ALIGN (0x4)
                [!provide]                        PROVIDE (_etext = .)
                [!provide]                        PROVIDE (_eitcm = .)

.preinit_array  0x0000000000003230        0x0
                [!provide]                        PROVIDE (__preinit_array_start = .)
 *(.preinit_array)
                [!provide]                        PROVIDE (__preinit_array_end = .)

.init_array     0x0000000000003230        0x0
                [!provide]                        PROVIDE (__init_array_start = .)
 *(SORT_BY_INIT_PRIORITY(.init_array.*) SORT_BY_INIT_PRIORITY(.ctors.*))
 *(.init_array EXCLUDE_FILE(*crtend?.o *crtend.o *crtbegin?.o *crtbegin.o) .ctors)
                [!provide]                        PROVIDE (__init_array_end = .)

.fini_array     0x0000000000003230        0x0
                [!provide]                        PROVIDE (__fini_array_start = .)
 *(SORT_BY_INIT_PRIORITY(.fini_array.*) SORT_BY_INIT_PRIORITY(.dtors.*))
 *(.fini_array EXCLUDE_FILE(*crtend?.o *crtend.o *crtbegin?.o *crtbegin.o) .dtors)
                [!provide]                        PROVIDE (__fini_array_end = .)

.ctors
 *crtbegin.o(.ctors)
 *crtbegin?.o(.ctors)
 *(EXCLUDE_FILE(*crtend?.o *crtend.o) .ctors)
 *(SORT_BY_NAME(.ctors.*))
 *(.ctors)

.dtors
 *crtbegin.o(.dtors)
 *crtbegin?.o(.dtors)
 *(EXCLUDE_FILE(*crtend?.o *crtend.o) .dtors)
 *(SORT_BY_NAME(.dtors.*))
 *(.dtors)

.dalign         0x0000000020000000        0x0 load address 0x0000000000003230
                0x0000000020000000                . = ALIGN (0x4)
                0x0000000020000000                PROVIDE (_data_vma = .)

.dlalign        0x0000000000003230        0x0
                0x0000000000003230                . = ALIGN (0x4)
                0x0000000000003230                PROVIDE (_data_lma = .)

.data           0x0000000020000000        0x8 load address 0x0000000000003230
 *(.gnu.linkonce.r.*)
 *(.data .data.*)
 *(.gnu.linkonce.d.*)
                0x0000000020000000                . = ALIGN (0x8)
                0x0000000020000800                PROVIDE (__global_pointer$ = (. + 0x800))
 *(.sdata .sdata.*)
 .sdata.SW_Timer_Status_LED_WIFI_MQTT_Delay
                0x0000000020000000        0x4 ./Core/Src/ESP8266_lib.o
                0x0000000020000000                SW_Timer_Status_LED_WIFI_MQTT_Delay
 .sdata.flag_ModbusRTU_request_on
                0x0000000020000004        0x1 ./Core/Src/main.o
                0x0000000020000004                flag_ModbusRTU_request_on
 *(.sdata2.*)
 *(.gnu.linkonce.s.*)
                0x0000000020000008                . = ALIGN (0x8)
 *fill*         0x0000000020000005        0x3 
 *(.srodata.cst16)
 *(.srodata.cst8)
 *(.srodata.cst4)
 *(.srodata.cst2)
 *(.srodata .srodata.*)
                0x0000000020000008                . = ALIGN (0x4)
                0x0000000020000008                PROVIDE (_edata = .)

.bss            0x0000000020000008      0x4dc load address 0x0000000000003238
                0x0000000020000008                . = ALIGN (0x4)
                0x0000000020000008                PROVIDE (_sbss = .)
 *(.sbss*)
 .sbss.SW_Timer_Status_LED_WIFI_MQTT
                0x0000000020000008        0x4 ./Core/Src/ESP8266_lib.o
                0x0000000020000008                SW_Timer_Status_LED_WIFI_MQTT
 .sbss.flag_SW_Timer_Status_LED_Wifi_MQTT
                0x000000002000000c        0x1 ./Core/Src/ESP8266_lib.o
                0x000000002000000c                flag_SW_Timer_Status_LED_Wifi_MQTT
 .sbss.flag_Status_LED_Wifi_MQTT
                0x000000002000000d        0x1 ./Core/Src/ESP8266_lib.o
                0x000000002000000d                flag_Status_LED_Wifi_MQTT
 .sbss.flag_Network_ok
                0x000000002000000e        0x1 ./Core/Src/ESP8266_lib.o
                0x000000002000000e                flag_Network_ok
 .sbss.NETWORK_Status
                0x000000002000000f        0x1 ./Core/Src/MQTT.o
                0x000000002000000f                NETWORK_Status
 .sbss.ABB_E31_Total_active_energy
                0x0000000020000010        0x4 ./Core/Src/ModbusRTU_Master.o
                0x0000000020000010                ABB_E31_Total_active_energy
 .sbss.ABB_E31_Active_energy_1
                0x0000000020000014        0x4 ./Core/Src/ModbusRTU_Master.o
                0x0000000020000014                ABB_E31_Active_energy_1
 .sbss.ABB_E31_Active_energy_2
                0x0000000020000018        0x4 ./Core/Src/ModbusRTU_Master.o
                0x0000000020000018                ABB_E31_Active_energy_2
 .sbss.ABB_E31_Active_energy_3
                0x000000002000001c        0x4 ./Core/Src/ModbusRTU_Master.o
                0x000000002000001c                ABB_E31_Active_energy_3
 .sbss.ABB_E31_Active_energy_4
                0x0000000020000020        0x4 ./Core/Src/ModbusRTU_Master.o
                0x0000000020000020                ABB_E31_Active_energy_4
 .sbss.ABB_E31_Voltage
                0x0000000020000024        0x4 ./Core/Src/ModbusRTU_Master.o
                0x0000000020000024                ABB_E31_Voltage
 .sbss.ABB_E31_Amp
                0x0000000020000028        0x4 ./Core/Src/ModbusRTU_Master.o
                0x0000000020000028                ABB_E31_Amp
 .sbss.ABB_E31_Active_power
                0x000000002000002c        0x4 ./Core/Src/ModbusRTU_Master.o
                0x000000002000002c                ABB_E31_Active_power
 .sbss.ABB_E31_Power_factor
                0x0000000020000030        0x4 ./Core/Src/ModbusRTU_Master.o
                0x0000000020000030                ABB_E31_Power_factor
 .sbss.ABB_E31_Frequency
                0x0000000020000034        0x4 ./Core/Src/ModbusRTU_Master.o
                0x0000000020000034                ABB_E31_Frequency
 .sbss.ABB_E31_Temperature
                0x0000000020000038        0x2 ./Core/Src/ModbusRTU_Master.o
                0x0000000020000038                ABB_E31_Temperature
 *fill*         0x000000002000003a        0x2 
 .sbss.SysTimer_ms
                0x000000002000003c        0x4 ./Core/Src/ch32v20x_RVMSIS.o
                0x000000002000003c                SysTimer_ms
 .sbss.Delay_counter_ms
                0x0000000020000040        0x4 ./Core/Src/ch32v20x_RVMSIS.o
                0x0000000020000040                Delay_counter_ms
 .sbss.Timeout_counter_ms
                0x0000000020000044        0x4 ./Core/Src/ch32v20x_RVMSIS.o
                0x0000000020000044                Timeout_counter_ms
 .sbss.ModbusRTU_Timeout
                0x0000000020000048        0x4 ./Core/Src/main.o
                0x0000000020000048                ModbusRTU_Timeout
 .sbss.ModbusRTU_delay_between_pool
                0x000000002000004c        0x4 ./Core/Src/main.o
                0x000000002000004c                ModbusRTU_delay_between_pool
 .sbss.ModbusRTU_Counter_in_queue
                0x0000000020000050        0x1 ./Core/Src/main.o
                0x0000000020000050                ModbusRTU_Counter_in_queue
 .sbss.flag_ModbusRTU_block
                0x0000000020000051        0x1 ./Core/Src/main.o
                0x0000000020000051                flag_ModbusRTU_block
 .sbss.Task1    0x0000000020000052        0x1 ./Core/Src/main.o
                0x0000000020000052                Task1
 *fill*         0x0000000020000053        0x1 
 .sbss.MQTT_Send_Timer
                0x0000000020000054        0x4 ./Core/Src/main.o
                0x0000000020000054                MQTT_Send_Timer
 *(.gnu.linkonce.sb.*)
 *(.bss*)
 .bss.ModbusRTU_tx_buffer
                0x0000000020000058      0x100 ./Core/Src/ModbusRTU.o
                0x0000000020000058                ModbusRTU_tx_buffer
 .bss.flags_tx_data_ready
                0x0000000020000158       0x40 ./Core/Src/ModbusRTU_Master.o
                0x0000000020000158                flags_tx_data_ready
 .bss.husart1   0x0000000020000198      0x104 ./Core/Src/ch32v20x_RVMSIS.o
                0x0000000020000198                husart1
 .bss.husart2   0x000000002000029c      0x104 ./Core/Src/ch32v20x_RVMSIS.o
                0x000000002000029c                husart2
 .bss.husart3   0x00000000200003a0      0x104 ./Core/Src/ch32v20x_RVMSIS.o
                0x00000000200003a0                husart3
 .bss.MQTT_Arr  0x00000000200004a4       0x40 ./Core/Src/main.o
                0x00000000200004a4                MQTT_Arr
 *(.gnu.linkonce.b.*)
 *(COMMON*)
                0x00000000200004e4                . = ALIGN (0x4)
                0x00000000200004e4                PROVIDE (_ebss = .)
                [!provide]                        PROVIDE (_end = _ebss)
                [!provide]                        PROVIDE (end = .)

.stack          0x0000000020004800      0x800
                [!provide]                        PROVIDE (_heap_end = .)
                0x0000000020004800                . = ALIGN (0x4)
                [!provide]                        PROVIDE (_susrstack = .)
                0x0000000020005000                . = (. + __stack_size)
 *fill*         0x0000000020004800      0x800 
                0x0000000020005000                PROVIDE (_eusrstack = .)
OUTPUT(Clean_project.elf elf32-littleriscv)

.debug_line     0x0000000000000000     0x5561
 .debug_line    0x0000000000000000      0x25e ./Core/Startup/startup_ch32v20x_D6.o
 .debug_line    0x000000000000025e      0x264 ./Core/Src/ESP8266_lib.o
 .debug_line    0x00000000000004c2      0x9c5 ./Core/Src/MQTT.o
 .debug_line    0x0000000000000e87      0xc5e ./Core/Src/ModbusRTU.o
 .debug_line    0x0000000000001ae5      0x4f7 ./Core/Src/ModbusRTU_Master.o
 .debug_line    0x0000000000001fdc      0x183 ./Core/Src/SoftwareTimer.o
 .debug_line    0x000000000000215f      0x469 ./Core/Src/ch32v203xx_it.o
 .debug_line    0x00000000000025c8     0x2c4e ./Core/Src/ch32v20x_RVMSIS.o
 .debug_line    0x0000000000005216      0x34b ./Core/Src/main.o

.debug_info     0x0000000000000000     0x48c4
 .debug_info    0x0000000000000000       0x22 ./Core/Startup/startup_ch32v20x_D6.o
 .debug_info    0x0000000000000022      0x1c2 ./Core/Src/ESP8266_lib.o
 .debug_info    0x00000000000001e4      0x480 ./Core/Src/MQTT.o
 .debug_info    0x0000000000000664      0x625 ./Core/Src/ModbusRTU.o
 .debug_info    0x0000000000000c89      0xc36 ./Core/Src/ModbusRTU_Master.o
 .debug_info    0x00000000000018bf       0xec ./Core/Src/SoftwareTimer.o
 .debug_info    0x00000000000019ab      0x5a2 ./Core/Src/ch32v203xx_it.o
 .debug_info    0x0000000000001f4d     0x1cee ./Core/Src/ch32v20x_RVMSIS.o
 .debug_info    0x0000000000003c3b      0xc89 ./Core/Src/main.o

.debug_abbrev   0x0000000000000000      0xe14
 .debug_abbrev  0x0000000000000000       0x12 ./Core/Startup/startup_ch32v20x_D6.o
 .debug_abbrev  0x0000000000000012       0xd8 ./Core/Src/ESP8266_lib.o
 .debug_abbrev  0x00000000000000ea      0x186 ./Core/Src/MQTT.o
 .debug_abbrev  0x0000000000000270      0x17a ./Core/Src/ModbusRTU.o
 .debug_abbrev  0x00000000000003ea      0x266 ./Core/Src/ModbusRTU_Master.o
 .debug_abbrev  0x0000000000000650       0x8b ./Core/Src/SoftwareTimer.o
 .debug_abbrev  0x00000000000006db      0x148 ./Core/Src/ch32v203xx_it.o
 .debug_abbrev  0x0000000000000823      0x3a5 ./Core/Src/ch32v20x_RVMSIS.o
 .debug_abbrev  0x0000000000000bc8      0x24c ./Core/Src/main.o

.debug_aranges  0x0000000000000000      0x398
 .debug_aranges
                0x0000000000000000       0x30 ./Core/Startup/startup_ch32v20x_D6.o
 .debug_aranges
                0x0000000000000030       0x30 ./Core/Src/ESP8266_lib.o
 .debug_aranges
                0x0000000000000060       0x48 ./Core/Src/MQTT.o
 .debug_aranges
                0x00000000000000a8       0x68 ./Core/Src/ModbusRTU.o
 .debug_aranges
                0x0000000000000110       0x38 ./Core/Src/ModbusRTU_Master.o
 .debug_aranges
                0x0000000000000148       0x28 ./Core/Src/SoftwareTimer.o
 .debug_aranges
                0x0000000000000170       0x48 ./Core/Src/ch32v203xx_it.o
 .debug_aranges
                0x00000000000001b8      0x1b0 ./Core/Src/ch32v20x_RVMSIS.o
 .debug_aranges
                0x0000000000000368       0x30 ./Core/Src/main.o

.debug_str      0x0000000000000000     0x1b1c
 .debug_str     0x0000000000000000       0x5f ./Core/Startup/startup_ch32v20x_D6.o
 .debug_str     0x000000000000005f      0x27d ./Core/Src/ESP8266_lib.o
                                        0x2c8 (size before relaxing)
 .debug_str     0x00000000000002dc      0x1f3 ./Core/Src/MQTT.o
                                        0x44b (size before relaxing)
 .debug_str     0x00000000000004cf      0x2ac ./Core/Src/ModbusRTU.o
                                        0x51f (size before relaxing)
 .debug_str     0x000000000000077b      0x5e9 ./Core/Src/ModbusRTU_Master.o
                                        0x8f4 (size before relaxing)
 .debug_str     0x0000000000000d64       0x45 ./Core/Src/SoftwareTimer.o
                                        0x1c8 (size before relaxing)
 .debug_str     0x0000000000000da9      0x1f2 ./Core/Src/ch32v203xx_it.o
                                        0x4ee (size before relaxing)
 .debug_str     0x0000000000000f9b      0xb10 ./Core/Src/ch32v20x_RVMSIS.o
                                        0xfae (size before relaxing)
 .debug_str     0x0000000000001aab       0x71 ./Core/Src/main.o
                                        0x95a (size before relaxing)

.debug_ranges   0x0000000000000000      0x310
 .debug_ranges  0x0000000000000000       0x28 ./Core/Startup/startup_ch32v20x_D6.o
 .debug_ranges  0x0000000000000028       0x20 ./Core/Src/ESP8266_lib.o
 .debug_ranges  0x0000000000000048       0x38 ./Core/Src/MQTT.o
 .debug_ranges  0x0000000000000080       0x58 ./Core/Src/ModbusRTU.o
 .debug_ranges  0x00000000000000d8       0x28 ./Core/Src/ModbusRTU_Master.o
 .debug_ranges  0x0000000000000100       0x18 ./Core/Src/SoftwareTimer.o
 .debug_ranges  0x0000000000000118       0x38 ./Core/Src/ch32v203xx_it.o
 .debug_ranges  0x0000000000000150      0x1a0 ./Core/Src/ch32v20x_RVMSIS.o
 .debug_ranges  0x00000000000002f0       0x20 ./Core/Src/main.o

.comment        0x0000000000000000       0x33
 .comment       0x0000000000000000       0x33 ./Core/Src/ESP8266_lib.o
                                         0x34 (size before relaxing)
 .comment       0x0000000000000033       0x34 ./Core/Src/MQTT.o
 .comment       0x0000000000000033       0x34 ./Core/Src/ModbusRTU.o
 .comment       0x0000000000000033       0x34 ./Core/Src/ModbusRTU_Master.o
 .comment       0x0000000000000033       0x34 ./Core/Src/SoftwareTimer.o
 .comment       0x0000000000000033       0x34 ./Core/Src/ch32v203xx_it.o
 .comment       0x0000000000000033       0x34 ./Core/Src/ch32v20x_RVMSIS.o
 .comment       0x0000000000000033       0x34 ./Core/Src/main.o

.debug_frame    0x0000000000000000      0xe50
 .debug_frame   0x0000000000000000       0x7c ./Core/Src/ESP8266_lib.o
 .debug_frame   0x000000000000007c       0xf0 ./Core/Src/MQTT.o
 .debug_frame   0x000000000000016c      0x178 ./Core/Src/ModbusRTU.o
 .debug_frame   0x00000000000002e4       0xa4 ./Core/Src/ModbusRTU_Master.o
 .debug_frame   0x0000000000000388       0x50 ./Core/Src/SoftwareTimer.o
 .debug_frame   0x00000000000003d8      0x178 ./Core/Src/ch32v203xx_it.o
 .debug_frame   0x0000000000000550      0x744 ./Core/Src/ch32v20x_RVMSIS.o
 .debug_frame   0x0000000000000c94       0x74 ./Core/Src/main.o
 .debug_frame   0x0000000000000d08       0x54 c:/mounriver/mounriver_studio/toolchain/risc-v embedded gcc/bin/../lib/gcc/riscv-none-embed/8.2.0/rv32imacxw/ilp32\libgcc.a(muldf3.o)
 .debug_frame   0x0000000000000d5c       0x38 c:/mounriver/mounriver_studio/toolchain/risc-v embedded gcc/bin/../lib/gcc/riscv-none-embed/8.2.0/rv32imacxw/ilp32\libgcc.a(floatsidf.o)
 .debug_frame   0x0000000000000d94       0x38 c:/mounriver/mounriver_studio/toolchain/risc-v embedded gcc/bin/../lib/gcc/riscv-none-embed/8.2.0/rv32imacxw/ilp32\libgcc.a(floatunsidf.o)
 .debug_frame   0x0000000000000dcc       0x44 c:/mounriver/mounriver_studio/toolchain/risc-v embedded gcc/bin/../lib/gcc/riscv-none-embed/8.2.0/rv32imacxw/ilp32\libgcc.a(floatunsisf.o)
 .debug_frame   0x0000000000000e10       0x20 c:/mounriver/mounriver_studio/toolchain/risc-v embedded gcc/bin/../lib/gcc/riscv-none-embed/8.2.0/rv32imacxw/ilp32\libgcc.a(truncdfsf2.o)
 .debug_frame   0x0000000000000e30       0x20 c:/mounriver/mounriver_studio/toolchain/risc-v embedded gcc/bin/../lib/gcc/riscv-none-embed/8.2.0/rv32imacxw/ilp32\libgcc.a(_clzsi2.o)
